[restaurant-001.site0.wopop.com/index.html]
[restaurant-001.site0.wopop.com/favicon.png]
[backblue.gif]
[fade.gif]
[index.html]
[restaurant-001.site0.wopop.com/browser-tip.html]
[restaurant-001.site0.wopop.com/public/fontico/iconfont.css]
[static.eznetonline.com/webquick/public/bootstrap/index.css]
[static.eznetonline.com/webquick/public/inner/animate.css]
[static.eznetonline.com/webquick/public/vstatic/js/manifest74e1.js]
[static.eznetonline.com/webquick/public/vstatic/js/vendor74e1.js]
[static.eznetonline.com/webquick/public/vstatic/js/app74e1.js]
[static.eznetonline.com/webquick/public/index339e.html]
[static.eznetonline.com/webquick/public/bootstrap/index.js]
[restaurant-001.site0.wopop.com/index.html]
[restaurant-001.site0.wopop.com/public/browser/warn.png]
[restaurant-001.site0.wopop.com/public/browser/chrome.jpg]
[restaurant-001.site0.wopop.com/public/browser/firefox.jpg]
[restaurant-001.site0.wopop.com/browser-tip.html]
[restaurant-001.site0.wopop.com/public/browser/ie.jpg]
[restaurant-001.site0.wopop.com/public/fontico/iconfonte822.woff2]
[restaurant-001.site0.wopop.com/public/fontico/iconfonte822.woff]
[restaurant-001.site0.wopop.com/public/fontico/iconfonte822.ttf]
[restaurant-001.site0.wopop.com/public/fontico/iconfont.css]
[restaurant-001.site0.wopop.com/public/assets/selectArrowIcon.png]
[restaurant-001.site0.wopop.com/public/assets/wopop_bottom_bg.png]
[restaurant-001.site0.wopop.com/css6c3f.css]
[static.eznetonline.com/webquick/public/bootstrap/index.css]
[static.eznetonline.com/webquick/public/inner/animate.css]
[static.eznetonline.com/webquick/public/index339e.html]
[static.eznetonline.com/webquick/public/vstatic/js/manifest74e1.js]
[static.eznetonline.com/webquick/public/vstatic/js/vendor74e1.js]
[restaurant-001.site0.wopop.com/public/index.html]
[restaurant-001.site0.wopop.com/edge/index.html]
[restaurant-001.site0.wopop.com/index.14.delayed]
[static.eznetonline.com/webquick/public/vstatic/js/app74e1.js]
[restaurant-001.site0.wopop.com/span.txt]
[static.eznetonline.com/webquick/public/common.js]
[restaurant-001.site0.wopop.com/Popover requires tooltip.js]
[static.eznetonline.com/webquick/public/bootstrap/index.js]
[restaurant-001.site0.wopop.com/edge/index.html]
[restaurant-001.site0.wopop.com/public/index.html]
[restaurant-001.site0.wopop.com/index-2.html]
[restaurant-001.site0.wopop.com/Popover requires tooltip.html]
